
> web@0.1.0 build
> next build

  ▲ Next.js 14.2.15

   Creating an optimized production build ...

[1m[33mwarn[39m[22m - No utility classes were detected in your source files. If this is unexpected, double-check the `content` option in your Tailwind CSS configuration.
[1m[33mwarn[39m[22m - https://tailwindcss.com/docs/content-configuration
 ✓ Compiled successfully
   Linting and checking validity of types ...
 ⚠ TypeScript project references are not fully supported. Attempting to build in incremental mode.
   Collecting page data ...
   Generating static pages (0/4) ...
   Generating static pages (1/4) 
   Generating static pages (2/4) 
   Generating static pages (3/4) 
 ✓ Generating static pages (4/4)
   Finalizing page optimization ...
   Collecting build traces ...

Route (app)                              Size     First Load JS
┌ ○ /                                    1.54 kB        88.6 kB
└ ○ /_not-found                          873 B          87.9 kB
+ First Load JS shared by all            87.1 kB
  ├ chunks/1dd3208c-ceac0898589bd9a6.js  53.6 kB
  ├ chunks/528-e501366385921b90.js       31.6 kB
  └ other shared chunks (total)          1.86 kB


○  (Static)  prerendered as static content

